2026-07-18 08:15:10 | INFO | FastAPI server khởi động
2026-07-18 08:15:10 | INFO | Detector thread đã khởi động
2026-07-18 08:15:10 | INFO | Đang nạp YOLOv8-Pose ...
2026-07-18 08:15:10 | INFO | Đang nạp TCN model ...
2026-07-18 08:15:11 | INFO | ONNX model loaded | input: 'args_0' | output: 'dense_1'
2026-07-18 08:15:19 | INFO | Webcam: 30.0 FPS (danh nghĩa) | 640×480
2026-07-18 08:15:19 | INFO | Warm-up model (2 lần suy luận giả) ...
2026-07-18 08:16:43 | INFO | Warm-up hoàn tất.
2026-07-18 08:16:45 | INFO | Codec video được chọn: avc1 (.mp4)
2026-07-18 08:16:45 | INFO | Bắt đầu segment video mới: C:\github projects\deep learning\CNN\fall_detection_system2_yolov8n-pose.onnx\backend\predicted_videos\20260718_081643.mp4
2026-07-18 08:16:45 | INFO | Bắt đầu xử lý webcam real-time ...
2026-07-18 08:17:06 | INFO | Bắt đầu segment video mới: C:\github projects\deep learning\CNN\fall_detection_system2_yolov8n-pose.onnx\backend\predicted_videos\20260718_081705.mp4
2026-07-18 08:17:07 | INFO | Đã đóng segment: C:\github projects\deep learning\CNN\fall_detection_system2_yolov8n-pose.onnx\backend\predicted_videos\20260718_081643.mp4 | 113 frame trong 20.1s (fps thực đo: 5.61, fps danh nghĩa webcam: 30.0)
2026-07-18 08:25:34 | INFO | FastAPI server khởi động
2026-07-18 08:25:34 | INFO | Detector thread đã khởi động
2026-07-18 08:25:34 | INFO | Đang nạp YOLOv8-Pose ...
2026-07-18 08:25:34 | INFO | Đang nạp TCN model ...
2026-07-18 08:25:34 | INFO | ONNX model loaded | input: 'args_0' | output: 'dense_1'
2026-07-18 08:25:40 | INFO | Webcam: 30.0 FPS (danh nghĩa) | 640×480
2026-07-18 08:25:40 | INFO | Warm-up model (2 lần suy luận giả) ...
2026-07-18 08:25:57 | INFO | Warm-up hoàn tất.
2026-07-18 08:26:00 | INFO | Codec video được chọn: avc1 (.mp4)
2026-07-18 08:26:00 | INFO | Bắt đầu segment video mới: C:\github projects\deep learning\CNN\fall_detection_system2_yolov8n-pose.onnx\backend\predicted_videos\20260718_082558.mp4
2026-07-18 08:26:00 | INFO | Bắt đầu xử lý webcam real-time ...
2026-07-18 08:26:18 | INFO | DETECTOR | Đã lưu ảnh té ngã: C:\github projects\deep learning\CNN\fall_detection_system2_yolov8n-pose.onnx\backend\fall_snapshots\fall_20260718_082618.png
2026-07-18 08:26:18 | INFO | DETECTOR | TÉ NGÃ tại frame 90 (prob=0.5027) | snapshot: C:\github projects\deep learning\CNN\fall_detection_system2_yolov8n-pose.onnx\backend\fall_snapshots\fall_20260718_082618.png
2026-07-18 08:26:18 | INFO | Đã spawn classifier thread (pipeline tiếp tục)
2026-07-18 08:26:25 | INFO | Bắt đầu segment video mới: C:\github projects\deep learning\CNN\fall_detection_system2_yolov8n-pose.onnx\backend\predicted_videos\20260718_082621.mp4
2026-07-18 08:26:25 | INFO | Đã đóng segment: C:\github projects\deep learning\CNN\fall_detection_system2_yolov8n-pose.onnx\backend\predicted_videos\20260718_082558.mp4 | 99 frame trong 20.1s (fps thực đo: 4.91, fps danh nghĩa webcam: 30.0)
2026-07-18 08:27:43 | INFO | CLASSIFIER | Bắt đầu xử lý phản hồi sau té ngã ...
2026-07-18 08:27:53 | INFO | CLASSIFIER | Đang lắng nghe ... (nói trong vòng 10 giây)
2026-07-18 08:28:04 | INFO | CLASSIFIER | Không nhận ra giọng nói
2026-07-18 08:28:04 | INFO | CLASSIFIER | Kết quả phân loại: no_response | Câu trả lời: ''
2026-07-18 08:28:04 | INFO | CLASSIFIER | Không có phản hồi → Gửi cảnh báo Telegram ...
2026-07-18 08:28:04 | INFO | SENDER | Đang gửi cảnh báo Telegram | lý do: không có phản hồi
2026-07-18 08:28:08 | INFO | SENDER | Đã gửi ảnh té ngã lên Telegram thành công.
2026-07-18 08:28:08 | INFO | Classifier hoàn tất — sẵn sàng nhận FALL mới
2026-07-18 08:28:10 | INFO | DETECTOR | Đã lưu ảnh té ngã: C:\github projects\deep learning\CNN\fall_detection_system2_yolov8n-pose.onnx\backend\fall_snapshots\fall_20260718_082810.png
2026-07-18 08:28:10 | INFO | DETECTOR | TÉ NGÃ tại frame 660 (prob=0.5453) | snapshot: C:\github projects\deep learning\CNN\fall_detection_system2_yolov8n-pose.onnx\backend\fall_snapshots\fall_20260718_082810.png
2026-07-18 08:28:10 | INFO | CLASSIFIER | Bắt đầu xử lý phản hồi sau té ngã ...
2026-07-18 08:28:10 | INFO | Đã spawn classifier thread (pipeline tiếp tục)
2026-07-18 08:28:14 | INFO | CLASSIFIER | Đang lắng nghe ... (nói trong vòng 10 giây)
2026-07-18 08:28:22 | INFO | CLASSIFIER | Không nhận ra giọng nói
2026-07-18 08:28:22 | INFO | CLASSIFIER | Kết quả phân loại: no_response | Câu trả lời: ''
2026-07-18 08:28:22 | INFO | CLASSIFIER | Không có phản hồi → Gửi cảnh báo Telegram ...
2026-07-18 08:28:22 | INFO | SENDER | Đang gửi cảnh báo Telegram | lý do: không có phản hồi
2026-07-18 08:28:26 | INFO | SENDER | Đã gửi ảnh té ngã lên Telegram thành công.
2026-07-18 08:28:26 | INFO | Classifier hoàn tất — sẵn sàng nhận FALL mới
2026-07-18 08:28:26 | INFO | DETECTOR | Đã lưu ảnh té ngã: C:\github projects\deep learning\CNN\fall_detection_system2_yolov8n-pose.onnx\backend\fall_snapshots\fall_20260718_082826.png
2026-07-18 08:28:26 | INFO | DETECTOR | TÉ NGÃ tại frame 838 (prob=1.0000) | snapshot: C:\github projects\deep learning\CNN\fall_detection_system2_yolov8n-pose.onnx\backend\fall_snapshots\fall_20260718_082826.png
2026-07-18 08:28:26 | INFO | CLASSIFIER | Bắt đầu xử lý phản hồi sau té ngã ...
2026-07-18 08:28:26 | INFO | Đã spawn classifier thread (pipeline tiếp tục)
2026-07-18 08:28:30 | INFO | CLASSIFIER | Đang lắng nghe ... (nói trong vòng 10 giây)
2026-07-18 08:28:41 | INFO | CLASSIFIER | Không nhận ra giọng nói
2026-07-18 08:28:41 | INFO | CLASSIFIER | Kết quả phân loại: no_response | Câu trả lời: ''
2026-07-18 08:28:41 | INFO | CLASSIFIER | Không có phản hồi → Gửi cảnh báo Telegram ...
2026-07-18 08:28:41 | INFO | SENDER | Đang gửi cảnh báo Telegram | lý do: không có phản hồi
2026-07-18 08:28:44 | INFO | SENDER | Đã gửi ảnh té ngã lên Telegram thành công.
2026-07-18 08:28:44 | INFO | Classifier hoàn tất — sẵn sàng nhận FALL mới
2026-07-18 08:28:49 | INFO | DETECTOR | Đã lưu ảnh té ngã: C:\github projects\deep learning\CNN\fall_detection_system2_yolov8n-pose.onnx\backend\fall_snapshots\fall_20260718_082849.png
2026-07-18 08:28:49 | INFO | DETECTOR | TÉ NGÃ tại frame 1114 (prob=0.6025) | snapshot: C:\github projects\deep learning\CNN\fall_detection_system2_yolov8n-pose.onnx\backend\fall_snapshots\fall_20260718_082849.png
2026-07-18 08:28:49 | INFO | CLASSIFIER | Bắt đầu xử lý phản hồi sau té ngã ...
2026-07-18 08:28:49 | INFO | Đã spawn classifier thread (pipeline tiếp tục)
2026-07-18 08:28:54 | INFO | CLASSIFIER | Đang lắng nghe ... (nói trong vòng 10 giây)
2026-07-18 08:28:58 | INFO | CLASSIFIER | Không nhận ra giọng nói
2026-07-18 08:28:58 | INFO | CLASSIFIER | Kết quả phân loại: no_response | Câu trả lời: ''
2026-07-18 08:28:58 | INFO | CLASSIFIER | Không có phản hồi → Gửi cảnh báo Telegram ...
2026-07-18 08:28:58 | INFO | SENDER | Đang gửi cảnh báo Telegram | lý do: không có phản hồi
2026-07-18 08:29:00 | INFO | SENDER | Đã gửi ảnh té ngã lên Telegram thành công.
2026-07-18 08:29:00 | INFO | Classifier hoàn tất — sẵn sàng nhận FALL mới
2026-07-18 08:29:01 | INFO | DETECTOR | Đã lưu ảnh té ngã: C:\github projects\deep learning\CNN\fall_detection_system2_yolov8n-pose.onnx\backend\fall_snapshots\fall_20260718_082900.png
2026-07-18 08:29:01 | INFO | DETECTOR | TÉ NGÃ tại frame 1244 (prob=0.6145) | snapshot: C:\github projects\deep learning\CNN\fall_detection_system2_yolov8n-pose.onnx\backend\fall_snapshots\fall_20260718_082900.png
2026-07-18 08:29:01 | INFO | CLASSIFIER | Bắt đầu xử lý phản hồi sau té ngã ...
2026-07-18 08:29:01 | INFO | Đã spawn classifier thread (pipeline tiếp tục)
2026-07-18 08:29:05 | INFO | CLASSIFIER | Đang lắng nghe ... (nói trong vòng 10 giây)
2026-07-18 08:29:12 | INFO | CLASSIFIER | Không nhận ra giọng nói
2026-07-18 08:29:12 | INFO | CLASSIFIER | Kết quả phân loại: no_response | Câu trả lời: ''
2026-07-18 08:29:12 | INFO | CLASSIFIER | Không có phản hồi → Gửi cảnh báo Telegram ...
2026-07-18 08:29:12 | INFO | SENDER | Đang gửi cảnh báo Telegram | lý do: không có phản hồi
2026-07-18 08:29:14 | INFO | SENDER | Đã gửi ảnh té ngã lên Telegram thành công.
2026-07-18 08:29:14 | INFO | Classifier hoàn tất — sẵn sàng nhận FALL mới
2026-07-18 08:29:14 | INFO | DETECTOR | Đã lưu ảnh té ngã: C:\github projects\deep learning\CNN\fall_detection_system2_yolov8n-pose.onnx\backend\fall_snapshots\fall_20260718_082914.png
2026-07-18 08:29:14 | INFO | DETECTOR | TÉ NGÃ tại frame 1404 (prob=0.8931) | snapshot: C:\github projects\deep learning\CNN\fall_detection_system2_yolov8n-pose.onnx\backend\fall_snapshots\fall_20260718_082914.png
2026-07-18 08:29:14 | INFO | CLASSIFIER | Bắt đầu xử lý phản hồi sau té ngã ...
2026-07-18 08:29:14 | INFO | Đã spawn classifier thread (pipeline tiếp tục)
2026-07-18 08:29:19 | INFO | CLASSIFIER | Đang lắng nghe ... (nói trong vòng 10 giây)
2026-07-18 08:29:22 | INFO | CLASSIFIER | Không nhận ra giọng nói
2026-07-18 08:29:22 | INFO | CLASSIFIER | Kết quả phân loại: no_response | Câu trả lời: ''
2026-07-18 08:29:22 | INFO | CLASSIFIER | Không có phản hồi → Gửi cảnh báo Telegram ...
2026-07-18 08:29:22 | INFO | SENDER | Đang gửi cảnh báo Telegram | lý do: không có phản hồi
2026-07-18 08:29:25 | INFO | SENDER | Đã gửi ảnh té ngã lên Telegram thành công.
2026-07-18 08:29:25 | INFO | Classifier hoàn tất — sẵn sàng nhận FALL mới
2026-07-18 08:29:25 | INFO | DETECTOR | Đã lưu ảnh té ngã: C:\github projects\deep learning\CNN\fall_detection_system2_yolov8n-pose.onnx\backend\fall_snapshots\fall_20260718_082925.png
2026-07-18 08:29:25 | INFO | DETECTOR | TÉ NGÃ tại frame 1532 (prob=0.8531) | snapshot: C:\github projects\deep learning\CNN\fall_detection_system2_yolov8n-pose.onnx\backend\fall_snapshots\fall_20260718_082925.png
2026-07-18 08:29:25 | INFO | CLASSIFIER | Bắt đầu xử lý phản hồi sau té ngã ...
2026-07-18 08:29:25 | INFO | Đã spawn classifier thread (pipeline tiếp tục)
2026-07-18 08:29:30 | INFO | CLASSIFIER | Đang lắng nghe ... (nói trong vòng 10 giây)
2026-07-18 08:29:33 | INFO | CLASSIFIER | STT nhận được: 'lùi lại một bước'
2026-07-18 08:29:36 | INFO | CLASSIFIER | NLP scores — safe: 5.677 | danger: 8.094
2026-07-18 08:29:36 | INFO | CLASSIFIER | Kết quả phân loại: danger | Câu trả lời: 'lùi lại một bước'
2026-07-18 08:29:36 | INFO | CLASSIFIER | Có yêu cầu giúp đỡ → Gửi cảnh báo Telegram ...
2026-07-18 08:29:36 | INFO | SENDER | Đang gửi cảnh báo Telegram | lý do: có yêu cầu giúp đỡ
2026-07-18 08:29:39 | INFO | SENDER | Đã gửi ảnh té ngã lên Telegram thành công.
2026-07-18 08:29:39 | INFO | Classifier hoàn tất — sẵn sàng nhận FALL mới
2026-07-18 08:29:45 | INFO | DETECTOR | Đã lưu ảnh té ngã: C:\github projects\deep learning\CNN\fall_detection_system2_yolov8n-pose.onnx\backend\fall_snapshots\fall_20260718_082945.png
2026-07-18 08:29:45 | INFO | DETECTOR | TÉ NGÃ tại frame 1748 (prob=0.5437) | snapshot: C:\github projects\deep learning\CNN\fall_detection_system2_yolov8n-pose.onnx\backend\fall_snapshots\fall_20260718_082945.png
2026-07-18 08:29:45 | INFO | CLASSIFIER | Bắt đầu xử lý phản hồi sau té ngã ...
2026-07-18 08:29:45 | INFO | Đã spawn classifier thread (pipeline tiếp tục)
2026-07-18 08:29:49 | INFO | CLASSIFIER | Đang lắng nghe ... (nói trong vòng 10 giây)
2026-07-18 08:29:58 | INFO | CLASSIFIER | Không nhận ra giọng nói
2026-07-18 08:29:58 | INFO | CLASSIFIER | Kết quả phân loại: no_response | Câu trả lời: ''
2026-07-18 08:29:58 | INFO | CLASSIFIER | Không có phản hồi → Gửi cảnh báo Telegram ...
2026-07-18 08:29:58 | INFO | SENDER | Đang gửi cảnh báo Telegram | lý do: không có phản hồi
2026-07-18 08:30:00 | INFO | SENDER | Đã gửi ảnh té ngã lên Telegram thành công.
2026-07-18 08:30:00 | INFO | Classifier hoàn tất — sẵn sàng nhận FALL mới
2026-07-18 08:30:34 | INFO | DETECTOR | Đã lưu ảnh té ngã: C:\github projects\deep learning\CNN\fall_detection_system2_yolov8n-pose.onnx\backend\fall_snapshots\fall_20260718_083034.png
2026-07-18 08:30:34 | INFO | DETECTOR | TÉ NGÃ tại frame 2195 (prob=0.6072) | snapshot: C:\github projects\deep learning\CNN\fall_detection_system2_yolov8n-pose.onnx\backend\fall_snapshots\fall_20260718_083034.png
2026-07-18 08:30:34 | INFO | CLASSIFIER | Bắt đầu xử lý phản hồi sau té ngã ...
2026-07-18 08:30:34 | INFO | Đã spawn classifier thread (pipeline tiếp tục)
2026-07-18 08:30:39 | INFO | CLASSIFIER | Đang lắng nghe ... (nói trong vòng 10 giây)
2026-07-18 08:30:48 | INFO | CLASSIFIER | Không nhận ra giọng nói
2026-07-18 08:30:48 | INFO | CLASSIFIER | Kết quả phân loại: no_response | Câu trả lời: ''
2026-07-18 08:30:48 | INFO | CLASSIFIER | Không có phản hồi → Gửi cảnh báo Telegram ...
2026-07-18 08:30:48 | INFO | SENDER | Đang gửi cảnh báo Telegram | lý do: không có phản hồi
2026-07-18 08:30:54 | INFO | SENDER | Đã gửi ảnh té ngã lên Telegram thành công.
2026-07-18 08:30:54 | INFO | Classifier hoàn tất — sẵn sàng nhận FALL mới
2026-07-18 08:31:01 | INFO | DETECTOR | Đã lưu ảnh té ngã: C:\github projects\deep learning\CNN\fall_detection_system2_yolov8n-pose.onnx\backend\fall_snapshots\fall_20260718_083101.png
2026-07-18 08:31:01 | INFO | DETECTOR | TÉ NGÃ tại frame 2495 (prob=0.5237) | snapshot: C:\github projects\deep learning\CNN\fall_detection_system2_yolov8n-pose.onnx\backend\fall_snapshots\fall_20260718_083101.png
2026-07-18 08:31:01 | INFO | CLASSIFIER | Bắt đầu xử lý phản hồi sau té ngã ...
2026-07-18 08:31:01 | INFO | Đã spawn classifier thread (pipeline tiếp tục)
2026-07-18 08:31:06 | INFO | CLASSIFIER | Đang lắng nghe ... (nói trong vòng 10 giây)
2026-07-18 08:31:09 | INFO | CLASSIFIER | Không nhận ra giọng nói
2026-07-18 08:31:09 | INFO | CLASSIFIER | Kết quả phân loại: no_response | Câu trả lời: ''
2026-07-18 08:31:09 | INFO | CLASSIFIER | Không có phản hồi → Gửi cảnh báo Telegram ...
2026-07-18 08:31:09 | INFO | SENDER | Đang gửi cảnh báo Telegram | lý do: không có phản hồi
2026-07-18 08:31:11 | INFO | SENDER | Đã gửi ảnh té ngã lên Telegram thành công.
2026-07-18 08:31:11 | INFO | Classifier hoàn tất — sẵn sàng nhận FALL mới
2026-07-18 08:31:25 | INFO | Bắt đầu segment video mới: C:\github projects\deep learning\CNN\fall_detection_system2_yolov8n-pose.onnx\backend\predicted_videos\20260718_083125.mp4
2026-07-18 08:31:26 | INFO | Đã đóng segment: C:\github projects\deep learning\CNN\fall_detection_system2_yolov8n-pose.onnx\backend\predicted_videos\20260718_082621.mp4 | 2669 frame trong 300.0s (fps thực đo: 8.90, fps danh nghĩa webcam: 30.0)
2026-07-18 08:32:35 | INFO | DETECTOR | Đã lưu ảnh té ngã: C:\github projects\deep learning\CNN\fall_detection_system2_yolov8n-pose.onnx\backend\fall_snapshots\fall_20260718_083235.png
2026-07-18 08:32:35 | INFO | DETECTOR | TÉ NGÃ tại frame 3065 (prob=0.5107) | snapshot: C:\github projects\deep learning\CNN\fall_detection_system2_yolov8n-pose.onnx\backend\fall_snapshots\fall_20260718_083235.png
2026-07-18 08:32:35 | INFO | CLASSIFIER | Bắt đầu xử lý phản hồi sau té ngã ...
2026-07-18 08:32:35 | INFO | Đã spawn classifier thread (pipeline tiếp tục)
2026-07-18 08:32:40 | INFO | CLASSIFIER | Đang lắng nghe ... (nói trong vòng 10 giây)
2026-07-18 08:32:51 | INFO | CLASSIFIER | Không nhận ra giọng nói
2026-07-18 08:32:51 | INFO | CLASSIFIER | Kết quả phân loại: no_response | Câu trả lời: ''
2026-07-18 08:32:51 | INFO | CLASSIFIER | Không có phản hồi → Gửi cảnh báo Telegram ...
2026-07-18 08:32:51 | INFO | SENDER | Đang gửi cảnh báo Telegram | lý do: không có phản hồi
2026-07-18 08:32:53 | INFO | SENDER | Đã gửi ảnh té ngã lên Telegram thành công.
2026-07-18 08:32:53 | INFO | Classifier hoàn tất — sẵn sàng nhận FALL mới
2026-07-18 08:32:53 | INFO | DETECTOR | Đã lưu ảnh té ngã: C:\github projects\deep learning\CNN\fall_detection_system2_yolov8n-pose.onnx\backend\fall_snapshots\fall_20260718_083253.png
2026-07-18 08:32:53 | INFO | DETECTOR | TÉ NGÃ tại frame 3279 (prob=0.5244) | snapshot: C:\github projects\deep learning\CNN\fall_detection_system2_yolov8n-pose.onnx\backend\fall_snapshots\fall_20260718_083253.png
2026-07-18 08:32:53 | INFO | CLASSIFIER | Bắt đầu xử lý phản hồi sau té ngã ...
2026-07-18 08:32:53 | INFO | Đã spawn classifier thread (pipeline tiếp tục)
2026-07-18 08:32:58 | INFO | CLASSIFIER | Đang lắng nghe ... (nói trong vòng 10 giây)
2026-07-18 08:33:04 | INFO | CLASSIFIER | Không nhận ra giọng nói
2026-07-18 08:33:04 | INFO | CLASSIFIER | Kết quả phân loại: no_response | Câu trả lời: ''
2026-07-18 08:33:04 | INFO | CLASSIFIER | Không có phản hồi → Gửi cảnh báo Telegram ...
2026-07-18 08:33:04 | INFO | SENDER | Đang gửi cảnh báo Telegram | lý do: không có phản hồi
2026-07-18 08:33:07 | INFO | SENDER | Đã gửi ảnh té ngã lên Telegram thành công.
2026-07-18 08:33:07 | INFO | Classifier hoàn tất — sẵn sàng nhận FALL mới
2026-07-18 08:33:08 | INFO | DETECTOR | Đã lưu ảnh té ngã: C:\github projects\deep learning\CNN\fall_detection_system2_yolov8n-pose.onnx\backend\fall_snapshots\fall_20260718_083308.png
2026-07-18 08:33:08 | INFO | DETECTOR | TÉ NGÃ tại frame 3456 (prob=0.5020) | snapshot: C:\github projects\deep learning\CNN\fall_detection_system2_yolov8n-pose.onnx\backend\fall_snapshots\fall_20260718_083308.png
2026-07-18 08:33:08 | INFO | CLASSIFIER | Bắt đầu xử lý phản hồi sau té ngã ...
2026-07-18 08:33:08 | INFO | Đã spawn classifier thread (pipeline tiếp tục)
2026-07-18 08:33:13 | INFO | CLASSIFIER | Đang lắng nghe ... (nói trong vòng 10 giây)
2026-07-18 08:33:17 | INFO | CLASSIFIER | Không nhận ra giọng nói
2026-07-18 08:33:17 | INFO | CLASSIFIER | Kết quả phân loại: no_response | Câu trả lời: ''
2026-07-18 08:33:17 | INFO | CLASSIFIER | Không có phản hồi → Gửi cảnh báo Telegram ...
2026-07-18 08:33:17 | INFO | SENDER | Đang gửi cảnh báo Telegram | lý do: không có phản hồi
2026-07-18 08:33:20 | INFO | SENDER | Đã gửi ảnh té ngã lên Telegram thành công.
2026-07-18 08:33:20 | INFO | Classifier hoàn tất — sẵn sàng nhận FALL mới
2026-07-18 08:33:34 | INFO | DETECTOR | Đã lưu ảnh té ngã: C:\github projects\deep learning\CNN\fall_detection_system2_yolov8n-pose.onnx\backend\fall_snapshots\fall_20260718_083334.png
2026-07-18 08:33:34 | INFO | DETECTOR | TÉ NGÃ tại frame 3775 (prob=0.5239) | snapshot: C:\github projects\deep learning\CNN\fall_detection_system2_yolov8n-pose.onnx\backend\fall_snapshots\fall_20260718_083334.png
2026-07-18 08:33:34 | INFO | CLASSIFIER | Bắt đầu xử lý phản hồi sau té ngã ...
2026-07-18 08:33:34 | INFO | Đã spawn classifier thread (pipeline tiếp tục)
2026-07-18 08:33:39 | INFO | CLASSIFIER | Đang lắng nghe ... (nói trong vòng 10 giây)
2026-07-18 08:33:50 | INFO | CLASSIFIER | Không nhận ra giọng nói
2026-07-18 08:33:50 | INFO | CLASSIFIER | Kết quả phân loại: no_response | Câu trả lời: ''
2026-07-18 08:33:50 | INFO | CLASSIFIER | Không có phản hồi → Gửi cảnh báo Telegram ...
2026-07-18 08:33:50 | INFO | SENDER | Đang gửi cảnh báo Telegram | lý do: không có phản hồi
2026-07-18 08:33:53 | INFO | SENDER | Đã gửi ảnh té ngã lên Telegram thành công.
2026-07-18 08:33:53 | INFO | Classifier hoàn tất — sẵn sàng nhận FALL mới
2026-07-18 08:33:54 | INFO | DETECTOR | Đã lưu ảnh té ngã: C:\github projects\deep learning\CNN\fall_detection_system2_yolov8n-pose.onnx\backend\fall_snapshots\fall_20260718_083354.png
2026-07-18 08:33:54 | INFO | DETECTOR | TÉ NGÃ tại frame 4004 (prob=0.5616) | snapshot: C:\github projects\deep learning\CNN\fall_detection_system2_yolov8n-pose.onnx\backend\fall_snapshots\fall_20260718_083354.png
2026-07-18 08:33:54 | INFO | CLASSIFIER | Bắt đầu xử lý phản hồi sau té ngã ...
2026-07-18 08:33:54 | INFO | Đã spawn classifier thread (pipeline tiếp tục)
2026-07-18 08:33:58 | INFO | CLASSIFIER | Đang lắng nghe ... (nói trong vòng 10 giây)
2026-07-18 08:34:01 | INFO | CLASSIFIER | Không nhận ra giọng nói
2026-07-18 08:34:01 | INFO | CLASSIFIER | Kết quả phân loại: no_response | Câu trả lời: ''
2026-07-18 08:34:01 | INFO | CLASSIFIER | Không có phản hồi → Gửi cảnh báo Telegram ...
2026-07-18 08:34:01 | INFO | SENDER | Đang gửi cảnh báo Telegram | lý do: không có phản hồi
2026-07-18 08:34:03 | INFO | SENDER | Đã gửi ảnh té ngã lên Telegram thành công.
2026-07-18 08:34:03 | INFO | Classifier hoàn tất — sẵn sàng nhận FALL mới
2026-08-24 21:51:01 | INFO | FastAPI server khởi động
2026-08-24 21:51:01 | INFO | Detector thread đã khởi động
2026-08-24 21:51:01 | INFO | Đang nạp YOLOv8-Pose ...
2026-08-24 21:51:01 | INFO | Đang nạp TCN model ...
2026-08-24 21:51:01 | INFO | ONNX model loaded | input: 'args_0' | output: 'dense_1'
2026-08-24 21:51:10 | INFO | Webcam: 30.0 FPS (danh nghĩa) | 640×480
2026-08-24 21:51:10 | INFO | Warm-up model (2 lần suy luận giả) ...
2026-08-24 21:52:44 | INFO | Warm-up hoàn tất.
2026-08-24 21:52:47 | INFO | Codec video được chọn: avc1 (.mp4)
2026-08-24 21:52:47 | INFO | Bắt đầu segment video mới: C:\github projects\deep learning\CNN\fall_detection_system2_yolov8n-pose.onnx\backend\predicted_videos\20260824_215244.mp4
2026-08-24 21:52:47 | INFO | Bắt đầu xử lý webcam real-time ...
2026-08-24 21:53:09 | INFO | Bắt đầu segment video mới: C:\github projects\deep learning\CNN\fall_detection_system2_yolov8n-pose.onnx\backend\predicted_videos\20260824_215308.mp4
2026-08-24 21:53:10 | INFO | Đã đóng segment: C:\github projects\deep learning\CNN\fall_detection_system2_yolov8n-pose.onnx\backend\predicted_videos\20260824_215244.mp4 | 82 frame trong 20.1s (fps thực đo: 4.08, fps danh nghĩa webcam: 30.0)
2026-08-24 21:53:40 | INFO | FastAPI server khởi động
2026-08-24 21:53:40 | INFO | Detector thread đã khởi động
2026-08-24 21:53:40 | INFO | Đang nạp YOLOv8-Pose ...
2026-08-24 21:53:40 | INFO | Đang nạp TCN model ...
2026-08-24 21:53:41 | INFO | ONNX model loaded | input: 'args_0' | output: 'dense_1'
2026-08-24 21:53:47 | INFO | Webcam: 30.0 FPS (danh nghĩa) | 640×480
2026-08-24 21:53:47 | INFO | Warm-up model (2 lần suy luận giả) ...
2026-08-24 21:54:06 | INFO | Warm-up hoàn tất.
2026-08-24 21:54:09 | INFO | Codec video được chọn: avc1 (.mp4)
2026-08-24 21:54:09 | INFO | Bắt đầu segment video mới: C:\github projects\deep learning\CNN\fall_detection_system2_yolov8n-pose.onnx\backend\predicted_videos\20260824_215406.mp4
2026-08-24 21:54:09 | INFO | Bắt đầu xử lý webcam real-time ...
2026-08-24 21:54:30 | INFO | Bắt đầu segment video mới: C:\github projects\deep learning\CNN\fall_detection_system2_yolov8n-pose.onnx\backend\predicted_videos\20260824_215429.mp4
2026-08-24 21:54:30 | INFO | Đã đóng segment: C:\github projects\deep learning\CNN\fall_detection_system2_yolov8n-pose.onnx\backend\predicted_videos\20260824_215406.mp4 | 94 frame trong 20.0s (fps thực đo: 4.69, fps danh nghĩa webcam: 30.0)
2026-08-24 21:54:41 | INFO | DETECTOR | Đã lưu ảnh té ngã: C:\github projects\deep learning\CNN\fall_detection_system2_yolov8n-pose.onnx\backend\fall_snapshots\fall_20260824_215441.png
2026-08-24 21:54:41 | INFO | DETECTOR | TÉ NGÃ tại frame 139 (prob=0.5275) | snapshot: C:\github projects\deep learning\CNN\fall_detection_system2_yolov8n-pose.onnx\backend\fall_snapshots\fall_20260824_215441.png
2026-08-24 21:54:41 | INFO | Đã spawn classifier thread (pipeline tiếp tục)
2026-08-24 21:56:25 | INFO | CLASSIFIER | Bắt đầu xử lý phản hồi sau té ngã ...
2026-08-24 21:56:37 | INFO | CLASSIFIER | Đang lắng nghe ... (nói trong vòng 10 giây)
2026-08-24 21:56:47 | INFO | CLASSIFIER | Không nhận ra giọng nói
2026-08-24 21:56:47 | INFO | CLASSIFIER | Kết quả phân loại: no_response | Câu trả lời: ''
2026-08-24 21:56:47 | INFO | CLASSIFIER | Không có phản hồi → Gửi cảnh báo Telegram ...
2026-08-24 21:56:47 | INFO | SENDER | Đang gửi cảnh báo Telegram | lý do: không có phản hồi
2026-08-24 21:57:03 | INFO | SENDER | Đã gửi ảnh té ngã lên Telegram thành công.
2026-08-24 21:57:03 | INFO | Classifier hoàn tất — sẵn sàng nhận FALL mới
2026-08-24 21:57:44 | INFO | DETECTOR | Đã lưu ảnh té ngã: C:\github projects\deep learning\CNN\fall_detection_system2_yolov8n-pose.onnx\backend\fall_snapshots\fall_20260824_215744.png
2026-08-24 21:57:44 | INFO | DETECTOR | TÉ NGÃ tại frame 956 (prob=0.5036) | snapshot: C:\github projects\deep learning\CNN\fall_detection_system2_yolov8n-pose.onnx\backend\fall_snapshots\fall_20260824_215744.png
2026-08-24 21:57:44 | INFO | CLASSIFIER | Bắt đầu xử lý phản hồi sau té ngã ...
2026-08-24 21:57:44 | INFO | Đã spawn classifier thread (pipeline tiếp tục)
2026-08-24 21:57:51 | INFO | CLASSIFIER | Đang lắng nghe ... (nói trong vòng 10 giây)
2026-08-24 21:58:02 | INFO | CLASSIFIER | Không có phản hồi (timeout 10s)
2026-08-24 21:58:02 | INFO | CLASSIFIER | Kết quả phân loại: no_response | Câu trả lời: ''
2026-08-24 21:58:02 | INFO | CLASSIFIER | Không có phản hồi → Gửi cảnh báo Telegram ...
2026-08-24 21:58:02 | INFO | SENDER | Đang gửi cảnh báo Telegram | lý do: không có phản hồi
2026-08-24 21:58:18 | INFO | SENDER | Đã gửi ảnh té ngã lên Telegram thành công.
2026-08-24 21:58:18 | INFO | Classifier hoàn tất — sẵn sàng nhận FALL mới
2026-08-24 21:59:33 | INFO | Bắt đầu segment video mới: C:\github projects\deep learning\CNN\fall_detection_system2_yolov8n-pose.onnx\backend\predicted_videos\20260824_215930.mp4
2026-08-24 21:59:33 | INFO | Đã đóng segment: C:\github projects\deep learning\CNN\fall_detection_system2_yolov8n-pose.onnx\backend\predicted_videos\20260824_215429.mp4 | 1383 frame trong 300.3s (fps thực đo: 4.61, fps danh nghĩa webcam: 30.0)
2026-08-24 22:04:38 | INFO | Bắt đầu segment video mới: C:\github projects\deep learning\CNN\fall_detection_system2_yolov8n-pose.onnx\backend\predicted_videos\20260824_220433.mp4
2026-08-24 22:04:39 | INFO | Đã đóng segment: C:\github projects\deep learning\CNN\fall_detection_system2_yolov8n-pose.onnx\backend\predicted_videos\20260824_215930.mp4 | 1128 frame trong 300.4s (fps thực đo: 3.76, fps danh nghĩa webcam: 30.0)
2026-08-24 22:09:43 | INFO | Bắt đầu segment video mới: C:\github projects\deep learning\CNN\fall_detection_system2_yolov8n-pose.onnx\backend\predicted_videos\20260824_220938.mp4
2026-08-24 22:09:43 | INFO | Đã đóng segment: C:\github projects\deep learning\CNN\fall_detection_system2_yolov8n-pose.onnx\backend\predicted_videos\20260824_220433.mp4 | 998 frame trong 300.3s (fps thực đo: 3.32, fps danh nghĩa webcam: 30.0)
2026-08-24 22:14:21 | INFO | FastAPI server khởi động
2026-08-24 22:14:21 | INFO | Detector thread đã khởi động
2026-08-24 22:14:21 | INFO | Đang nạp YOLOv8-Pose ...
2026-08-24 22:14:21 | INFO | Đang nạp TCN model ...
2026-08-24 22:14:21 | INFO | ONNX model loaded | input: 'args_0' | output: 'dense_1'
2026-08-24 22:14:30 | INFO | Webcam: 30.0 FPS (danh nghĩa) | 640×480
2026-08-24 22:14:30 | INFO | Warm-up model (2 lần suy luận giả) ...
2026-08-24 22:14:50 | INFO | Warm-up hoàn tất.
2026-08-24 22:14:53 | INFO | Codec video được chọn: avc1 (.mp4)
2026-08-24 22:14:53 | INFO | Bắt đầu segment video mới: C:\github projects\deep learning\CNN\fall_detection_system2_yolov8n-pose.onnx\backend\predicted_videos\20260824_221450.mp4
2026-08-24 22:14:53 | INFO | Bắt đầu xử lý webcam real-time ...
2026-08-24 22:14:58 | INFO | DETECTOR | Đã lưu ảnh té ngã: C:\github projects\deep learning\CNN\fall_detection_system2_yolov8n-pose.onnx\backend\fall_snapshots\fall_20260824_221458.png
2026-08-24 22:14:58 | INFO | DETECTOR | TÉ NGÃ tại frame 29 (prob=0.9967) | snapshot: C:\github projects\deep learning\CNN\fall_detection_system2_yolov8n-pose.onnx\backend\fall_snapshots\fall_20260824_221458.png
2026-08-24 22:14:58 | INFO | Đã spawn classifier thread (pipeline tiếp tục)
2026-08-24 22:15:14 | INFO | Bắt đầu segment video mới: C:\github projects\deep learning\CNN\fall_detection_system2_yolov8n-pose.onnx\backend\predicted_videos\20260824_221514.mp4
2026-08-24 22:15:15 | INFO | Đã đóng segment: C:\github projects\deep learning\CNN\fall_detection_system2_yolov8n-pose.onnx\backend\predicted_videos\20260824_221450.mp4 | 83 frame trong 20.2s (fps thực đo: 4.11, fps danh nghĩa webcam: 30.0)
2026-08-24 22:15:46 | INFO | CLASSIFIER | Bắt đầu xử lý phản hồi sau té ngã ...
2026-08-24 22:15:53 | INFO | CLASSIFIER | Đang lắng nghe ... (nói trong vòng 10 giây)
2026-08-24 22:16:04 | INFO | CLASSIFIER | Không có phản hồi (timeout 10s)
2026-08-24 22:16:04 | INFO | CLASSIFIER | Kết quả phân loại: no_response | Câu trả lời: ''
2026-08-24 22:16:04 | INFO | CLASSIFIER | Không có phản hồi → Gửi cảnh báo Telegram ...
2026-08-24 22:16:04 | INFO | SENDER | Đang gửi cảnh báo Telegram | lý do: không có phản hồi
2026-08-24 22:16:07 | INFO | SENDER | Đã gửi ảnh té ngã lên Telegram thành công.
2026-08-24 22:16:07 | INFO | Classifier hoàn tất — sẵn sàng nhận FALL mới
2026-08-24 22:16:50 | INFO | DETECTOR | Đã lưu ảnh té ngã: C:\github projects\deep learning\CNN\fall_detection_system2_yolov8n-pose.onnx\backend\fall_snapshots\fall_20260824_221650.png
2026-08-24 22:16:50 | INFO | DETECTOR | TÉ NGÃ tại frame 656 (prob=0.5124) | snapshot: C:\github projects\deep learning\CNN\fall_detection_system2_yolov8n-pose.onnx\backend\fall_snapshots\fall_20260824_221650.png
2026-08-24 22:16:50 | INFO | CLASSIFIER | Bắt đầu xử lý phản hồi sau té ngã ...
2026-08-24 22:16:50 | INFO | Đã spawn classifier thread (pipeline tiếp tục)
2026-08-24 22:16:55 | INFO | CLASSIFIER | Đang lắng nghe ... (nói trong vòng 10 giây)
2026-08-24 22:16:59 | INFO | CLASSIFIER | Không nhận ra giọng nói
2026-08-24 22:16:59 | INFO | CLASSIFIER | Kết quả phân loại: no_response | Câu trả lời: ''
2026-08-24 22:16:59 | INFO | CLASSIFIER | Không có phản hồi → Gửi cảnh báo Telegram ...
2026-08-24 22:16:59 | INFO | SENDER | Đang gửi cảnh báo Telegram | lý do: không có phản hồi
2026-08-24 22:17:03 | INFO | SENDER | Đã gửi ảnh té ngã lên Telegram thành công.
2026-08-24 22:17:03 | INFO | Classifier hoàn tất — sẵn sàng nhận FALL mới
2026-08-24 22:17:06 | INFO | DETECTOR | Đã lưu ảnh té ngã: C:\github projects\deep learning\CNN\fall_detection_system2_yolov8n-pose.onnx\backend\fall_snapshots\fall_20260824_221706.png
2026-08-24 22:17:06 | INFO | DETECTOR | TÉ NGÃ tại frame 803 (prob=0.6331) | snapshot: C:\github projects\deep learning\CNN\fall_detection_system2_yolov8n-pose.onnx\backend\fall_snapshots\fall_20260824_221706.png
2026-08-24 22:17:06 | INFO | CLASSIFIER | Bắt đầu xử lý phản hồi sau té ngã ...
2026-08-24 22:17:06 | INFO | Đã spawn classifier thread (pipeline tiếp tục)
2026-08-24 22:17:10 | INFO | CLASSIFIER | Đang lắng nghe ... (nói trong vòng 10 giây)
2026-08-24 22:17:16 | INFO | CLASSIFIER | Không nhận ra giọng nói
2026-08-24 22:17:16 | INFO | CLASSIFIER | Kết quả phân loại: no_response | Câu trả lời: ''
2026-08-24 22:17:16 | INFO | CLASSIFIER | Không có phản hồi → Gửi cảnh báo Telegram ...
2026-08-24 22:17:16 | INFO | SENDER | Đang gửi cảnh báo Telegram | lý do: không có phản hồi
2026-08-24 22:17:18 | INFO | SENDER | Đã gửi ảnh té ngã lên Telegram thành công.
2026-08-24 22:17:18 | INFO | Classifier hoàn tất — sẵn sàng nhận FALL mới
2026-08-24 22:17:23 | INFO | DETECTOR | Đã lưu ảnh té ngã: C:\github projects\deep learning\CNN\fall_detection_system2_yolov8n-pose.onnx\backend\fall_snapshots\fall_20260824_221723.png
2026-08-24 22:17:23 | INFO | DETECTOR | TÉ NGÃ tại frame 979 (prob=0.5097) | snapshot: C:\github projects\deep learning\CNN\fall_detection_system2_yolov8n-pose.onnx\backend\fall_snapshots\fall_20260824_221723.png
2026-08-24 22:17:23 | INFO | CLASSIFIER | Bắt đầu xử lý phản hồi sau té ngã ...
2026-08-24 22:17:23 | INFO | Đã spawn classifier thread (pipeline tiếp tục)
2026-08-24 22:17:26 | INFO | CLASSIFIER | Đang lắng nghe ... (nói trong vòng 10 giây)
2026-08-24 22:17:30 | INFO | CLASSIFIER | STT nhận được: 'giúp tôi'
2026-08-24 22:17:33 | INFO | CLASSIFIER | NLP scores — safe: 5.999 | danger: 7.064
2026-08-24 22:17:33 | INFO | CLASSIFIER | Kết quả phân loại: danger | Câu trả lời: 'giúp tôi'
2026-08-24 22:17:33 | INFO | CLASSIFIER | Có yêu cầu giúp đỡ → Gửi cảnh báo Telegram ...
2026-08-24 22:17:33 | INFO | SENDER | Đang gửi cảnh báo Telegram | lý do: có yêu cầu giúp đỡ
2026-08-24 22:17:38 | INFO | SENDER | Đã gửi ảnh té ngã lên Telegram thành công.
2026-08-24 22:17:38 | INFO | Classifier hoàn tất — sẵn sàng nhận FALL mới
2026-08-24 22:17:56 | INFO | DETECTOR | Đã lưu ảnh té ngã: C:\github projects\deep learning\CNN\fall_detection_system2_yolov8n-pose.onnx\backend\fall_snapshots\fall_20260824_221756.png
2026-08-24 22:17:56 | INFO | DETECTOR | TÉ NGÃ tại frame 1278 (prob=0.5589) | snapshot: C:\github projects\deep learning\CNN\fall_detection_system2_yolov8n-pose.onnx\backend\fall_snapshots\fall_20260824_221756.png
2026-08-24 22:17:56 | INFO | CLASSIFIER | Bắt đầu xử lý phản hồi sau té ngã ...
2026-08-24 22:17:56 | INFO | Đã spawn classifier thread (pipeline tiếp tục)
2026-08-24 22:18:01 | INFO | CLASSIFIER | Đang lắng nghe ... (nói trong vòng 10 giây)
2026-08-24 22:18:12 | INFO | CLASSIFIER | Không có phản hồi (timeout 10s)
2026-08-24 22:18:12 | INFO | CLASSIFIER | Kết quả phân loại: no_response | Câu trả lời: ''
2026-08-24 22:18:12 | INFO | CLASSIFIER | Không có phản hồi → Gửi cảnh báo Telegram ...
2026-08-24 22:18:12 | INFO | SENDER | Đang gửi cảnh báo Telegram | lý do: không có phản hồi
2026-08-24 22:18:15 | INFO | SENDER | Đã gửi ảnh té ngã lên Telegram thành công.
2026-08-24 22:18:15 | INFO | Classifier hoàn tất — sẵn sàng nhận FALL mới
2026-08-24 22:18:15 | INFO | DETECTOR | Đã lưu ảnh té ngã: C:\github projects\deep learning\CNN\fall_detection_system2_yolov8n-pose.onnx\backend\fall_snapshots\fall_20260824_221815.png
2026-08-24 22:18:15 | INFO | DETECTOR | TÉ NGÃ tại frame 1430 (prob=0.5159) | snapshot: C:\github projects\deep learning\CNN\fall_detection_system2_yolov8n-pose.onnx\backend\fall_snapshots\fall_20260824_221815.png
2026-08-24 22:18:15 | INFO | CLASSIFIER | Bắt đầu xử lý phản hồi sau té ngã ...
2026-08-24 22:18:15 | INFO | Đã spawn classifier thread (pipeline tiếp tục)
2026-08-24 22:18:19 | INFO | CLASSIFIER | Đang lắng nghe ... (nói trong vòng 10 giây)
2026-08-24 22:18:26 | INFO | CLASSIFIER | Không nhận ra giọng nói
2026-08-24 22:18:26 | INFO | CLASSIFIER | Kết quả phân loại: no_response | Câu trả lời: ''
2026-08-24 22:18:26 | INFO | CLASSIFIER | Không có phản hồi → Gửi cảnh báo Telegram ...
2026-08-24 22:18:26 | INFO | SENDER | Đang gửi cảnh báo Telegram | lý do: không có phản hồi
2026-08-24 22:18:28 | INFO | SENDER | Đã gửi ảnh té ngã lên Telegram thành công.
2026-08-24 22:18:28 | INFO | Classifier hoàn tất — sẵn sàng nhận FALL mới
2026-08-24 22:18:29 | INFO | DETECTOR | Đã lưu ảnh té ngã: C:\github projects\deep learning\CNN\fall_detection_system2_yolov8n-pose.onnx\backend\fall_snapshots\fall_20260824_221829.png
2026-08-24 22:18:29 | INFO | DETECTOR | TÉ NGÃ tại frame 1580 (prob=0.5583) | snapshot: C:\github projects\deep learning\CNN\fall_detection_system2_yolov8n-pose.onnx\backend\fall_snapshots\fall_20260824_221829.png
2026-08-24 22:18:29 | INFO | CLASSIFIER | Bắt đầu xử lý phản hồi sau té ngã ...
2026-08-24 22:18:29 | INFO | Đã spawn classifier thread (pipeline tiếp tục)
2026-08-24 22:18:33 | INFO | CLASSIFIER | Đang lắng nghe ... (nói trong vòng 10 giây)
2026-08-24 22:18:39 | INFO | CLASSIFIER | Không nhận ra giọng nói
2026-08-24 22:18:39 | INFO | CLASSIFIER | Kết quả phân loại: no_response | Câu trả lời: ''
2026-08-24 22:18:39 | INFO | CLASSIFIER | Không có phản hồi → Gửi cảnh báo Telegram ...
2026-08-24 22:18:39 | INFO | SENDER | Đang gửi cảnh báo Telegram | lý do: không có phản hồi
2026-08-24 22:18:51 | INFO | SENDER | Đã gửi ảnh té ngã lên Telegram thành công.
2026-08-24 22:18:51 | INFO | Classifier hoàn tất — sẵn sàng nhận FALL mới
2026-08-24 22:19:17 | INFO | DETECTOR | Đã lưu ảnh té ngã: C:\github projects\deep learning\CNN\fall_detection_system2_yolov8n-pose.onnx\backend\fall_snapshots\fall_20260824_221916.png
2026-08-24 22:19:17 | INFO | DETECTOR | TÉ NGÃ tại frame 1942 (prob=0.5079) | snapshot: C:\github projects\deep learning\CNN\fall_detection_system2_yolov8n-pose.onnx\backend\fall_snapshots\fall_20260824_221916.png
2026-08-24 22:19:17 | INFO | CLASSIFIER | Bắt đầu xử lý phản hồi sau té ngã ...
2026-08-24 22:19:17 | INFO | Đã spawn classifier thread (pipeline tiếp tục)
2026-08-24 22:19:21 | INFO | CLASSIFIER | Đang lắng nghe ... (nói trong vòng 10 giây)
2026-08-24 22:19:25 | INFO | CLASSIFIER | STT nhận được: 'giúp tôi'
2026-08-24 22:19:27 | INFO | CLASSIFIER | NLP scores — safe: 5.999 | danger: 7.064
2026-08-24 22:19:27 | INFO | CLASSIFIER | Kết quả phân loại: danger | Câu trả lời: 'giúp tôi'
2026-08-24 22:19:27 | INFO | CLASSIFIER | Có yêu cầu giúp đỡ → Gửi cảnh báo Telegram ...
2026-08-24 22:19:27 | INFO | SENDER | Đang gửi cảnh báo Telegram | lý do: có yêu cầu giúp đỡ
2026-08-24 22:19:30 | INFO | SENDER | Đã gửi ảnh té ngã lên Telegram thành công.
2026-08-24 22:19:30 | INFO | Classifier hoàn tất — sẵn sàng nhận FALL mới
2026-08-24 22:19:37 | INFO | DETECTOR | Đã lưu ảnh té ngã: C:\github projects\deep learning\CNN\fall_detection_system2_yolov8n-pose.onnx\backend\fall_snapshots\fall_20260824_221937.png
2026-08-24 22:19:38 | INFO | DETECTOR | TÉ NGÃ tại frame 2129 (prob=0.5149) | snapshot: C:\github projects\deep learning\CNN\fall_detection_system2_yolov8n-pose.onnx\backend\fall_snapshots\fall_20260824_221937.png
2026-08-24 22:19:38 | INFO | CLASSIFIER | Bắt đầu xử lý phản hồi sau té ngã ...
2026-08-24 22:19:38 | INFO | Đã spawn classifier thread (pipeline tiếp tục)
2026-08-24 22:19:41 | INFO | CLASSIFIER | Đang lắng nghe ... (nói trong vòng 10 giây)
2026-08-24 22:19:47 | INFO | CLASSIFIER | Không nhận ra giọng nói
2026-08-24 22:19:47 | INFO | CLASSIFIER | Kết quả phân loại: no_response | Câu trả lời: ''
2026-08-24 22:19:47 | INFO | CLASSIFIER | Không có phản hồi → Gửi cảnh báo Telegram ...
2026-08-24 22:19:47 | INFO | SENDER | Đang gửi cảnh báo Telegram | lý do: không có phản hồi
2026-08-24 22:19:50 | INFO | SENDER | Đã gửi ảnh té ngã lên Telegram thành công.
2026-08-24 22:19:50 | INFO | Classifier hoàn tất — sẵn sàng nhận FALL mới
2026-08-24 22:20:14 | INFO | DETECTOR | Đã lưu ảnh té ngã: C:\github projects\deep learning\CNN\fall_detection_system2_yolov8n-pose.onnx\backend\fall_snapshots\fall_20260824_222014.png
2026-08-24 22:20:14 | INFO | DETECTOR | TÉ NGÃ tại frame 2462 (prob=0.5375) | snapshot: C:\github projects\deep learning\CNN\fall_detection_system2_yolov8n-pose.onnx\backend\fall_snapshots\fall_20260824_222014.png
2026-08-24 22:20:14 | INFO | CLASSIFIER | Bắt đầu xử lý phản hồi sau té ngã ...
2026-08-24 22:20:14 | INFO | Đã spawn classifier thread (pipeline tiếp tục)
2026-08-24 22:20:17 | INFO | Bắt đầu segment video mới: C:\github projects\deep learning\CNN\fall_detection_system2_yolov8n-pose.onnx\backend\predicted_videos\20260824_222015.mp4
2026-08-24 22:20:17 | INFO | Đã đóng segment: C:\github projects\deep learning\CNN\fall_detection_system2_yolov8n-pose.onnx\backend\predicted_videos\20260824_221514.mp4 | 2382 frame trong 300.4s (fps thực đo: 7.93, fps danh nghĩa webcam: 30.0)
2026-08-24 22:20:19 | INFO | CLASSIFIER | Đang lắng nghe ... (nói trong vòng 10 giây)
2026-08-24 22:20:24 | INFO | CLASSIFIER | STT nhận được: 'giúp tôi'
2026-08-24 22:20:27 | INFO | CLASSIFIER | NLP scores — safe: 5.999 | danger: 7.064
2026-08-24 22:20:27 | INFO | CLASSIFIER | Kết quả phân loại: danger | Câu trả lời: 'giúp tôi'
2026-08-24 22:20:27 | INFO | CLASSIFIER | Có yêu cầu giúp đỡ → Gửi cảnh báo Telegram ...
2026-08-24 22:20:27 | INFO | SENDER | Đang gửi cảnh báo Telegram | lý do: có yêu cầu giúp đỡ
2026-08-24 22:20:29 | INFO | SENDER | Đã gửi ảnh té ngã lên Telegram thành công.
2026-08-24 22:20:29 | INFO | Classifier hoàn tất — sẵn sàng nhận FALL mới
2026-08-24 22:20:29 | INFO | DETECTOR | Đã lưu ảnh té ngã: C:\github projects\deep learning\CNN\fall_detection_system2_yolov8n-pose.onnx\backend\fall_snapshots\fall_20260824_222029.png
2026-08-24 22:20:29 | INFO | DETECTOR | TÉ NGÃ tại frame 2578 (prob=0.7957) | snapshot: C:\github projects\deep learning\CNN\fall_detection_system2_yolov8n-pose.onnx\backend\fall_snapshots\fall_20260824_222029.png
2026-08-24 22:20:29 | INFO | CLASSIFIER | Bắt đầu xử lý phản hồi sau té ngã ...
2026-08-24 22:20:29 | INFO | Đã spawn classifier thread (pipeline tiếp tục)
2026-08-24 22:20:33 | INFO | CLASSIFIER | Đang lắng nghe ... (nói trong vòng 10 giây)
2026-08-24 22:20:41 | INFO | CLASSIFIER | Không nhận ra giọng nói
2026-08-24 22:20:41 | INFO | CLASSIFIER | Kết quả phân loại: no_response | Câu trả lời: ''
2026-08-24 22:20:41 | INFO | CLASSIFIER | Không có phản hồi → Gửi cảnh báo Telegram ...
2026-08-24 22:20:41 | INFO | SENDER | Đang gửi cảnh báo Telegram | lý do: không có phản hồi
2026-08-24 22:20:44 | INFO | SENDER | Đã gửi ảnh té ngã lên Telegram thành công.
2026-08-24 22:20:44 | INFO | Classifier hoàn tất — sẵn sàng nhận FALL mới
2026-08-24 22:21:34 | INFO | DETECTOR | Đã lưu ảnh té ngã: C:\github projects\deep learning\CNN\fall_detection_system2_yolov8n-pose.onnx\backend\fall_snapshots\fall_20260824_222134.png
2026-08-24 22:21:34 | INFO | DETECTOR | TÉ NGÃ tại frame 3038 (prob=0.5578) | snapshot: C:\github projects\deep learning\CNN\fall_detection_system2_yolov8n-pose.onnx\backend\fall_snapshots\fall_20260824_222134.png
2026-08-24 22:21:34 | INFO | CLASSIFIER | Bắt đầu xử lý phản hồi sau té ngã ...
2026-08-24 22:21:34 | INFO | Đã spawn classifier thread (pipeline tiếp tục)
2026-08-24 22:21:39 | INFO | CLASSIFIER | Đang lắng nghe ... (nói trong vòng 10 giây)
2026-08-24 22:21:50 | INFO | CLASSIFIER | Không nhận ra giọng nói
2026-08-24 22:21:50 | INFO | CLASSIFIER | Kết quả phân loại: no_response | Câu trả lời: ''
2026-08-24 22:21:50 | INFO | CLASSIFIER | Không có phản hồi → Gửi cảnh báo Telegram ...
2026-08-24 22:21:50 | INFO | SENDER | Đang gửi cảnh báo Telegram | lý do: không có phản hồi
2026-08-24 22:21:54 | INFO | SENDER | Đã gửi ảnh té ngã lên Telegram thành công.
2026-08-24 22:21:54 | INFO | Classifier hoàn tất — sẵn sàng nhận FALL mới
2026-08-24 22:21:56 | INFO | DETECTOR | Đã lưu ảnh té ngã: C:\github projects\deep learning\CNN\fall_detection_system2_yolov8n-pose.onnx\backend\fall_snapshots\fall_20260824_222156.png
2026-08-24 22:21:56 | INFO | DETECTOR | TÉ NGÃ tại frame 3236 (prob=0.5278) | snapshot: C:\github projects\deep learning\CNN\fall_detection_system2_yolov8n-pose.onnx\backend\fall_snapshots\fall_20260824_222156.png
2026-08-24 22:21:56 | INFO | CLASSIFIER | Bắt đầu xử lý phản hồi sau té ngã ...
2026-08-24 22:21:56 | INFO | Đã spawn classifier thread (pipeline tiếp tục)
2026-08-24 22:22:00 | INFO | CLASSIFIER | Đang lắng nghe ... (nói trong vòng 10 giây)
2026-08-24 22:22:05 | INFO | CLASSIFIER | Không nhận ra giọng nói
2026-08-24 22:22:05 | INFO | CLASSIFIER | Kết quả phân loại: no_response | Câu trả lời: ''
2026-08-24 22:22:05 | INFO | CLASSIFIER | Không có phản hồi → Gửi cảnh báo Telegram ...
2026-08-24 22:22:06 | INFO | SENDER | Đang gửi cảnh báo Telegram | lý do: không có phản hồi
2026-08-24 22:22:08 | INFO | SENDER | Đã gửi ảnh té ngã lên Telegram thành công.
2026-08-24 22:22:08 | INFO | Classifier hoàn tất — sẵn sàng nhận FALL mới
2026-08-24 22:22:19 | INFO | DETECTOR | Đã lưu ảnh té ngã: C:\github projects\deep learning\CNN\fall_detection_system2_yolov8n-pose.onnx\backend\fall_snapshots\fall_20260824_222219.png
2026-08-24 22:22:19 | INFO | DETECTOR | TÉ NGÃ tại frame 3454 (prob=0.5071) | snapshot: C:\github projects\deep learning\CNN\fall_detection_system2_yolov8n-pose.onnx\backend\fall_snapshots\fall_20260824_222219.png
2026-08-24 22:22:19 | INFO | CLASSIFIER | Bắt đầu xử lý phản hồi sau té ngã ...
2026-08-24 22:22:19 | INFO | Đã spawn classifier thread (pipeline tiếp tục)
2026-08-24 22:22:22 | INFO | CLASSIFIER | Đang lắng nghe ... (nói trong vòng 10 giây)
2026-08-24 22:22:33 | INFO | CLASSIFIER | Không có phản hồi (timeout 10s)
2026-08-24 22:22:33 | INFO | CLASSIFIER | Kết quả phân loại: no_response | Câu trả lời: ''
2026-08-24 22:22:33 | INFO | CLASSIFIER | Không có phản hồi → Gửi cảnh báo Telegram ...
2026-08-24 22:22:33 | INFO | SENDER | Đang gửi cảnh báo Telegram | lý do: không có phản hồi
2026-08-24 22:22:35 | INFO | SENDER | Đã gửi ảnh té ngã lên Telegram thành công.
2026-08-24 22:22:35 | INFO | Classifier hoàn tất — sẵn sàng nhận FALL mới
